2025-12-02 18:00:23 - You select: D:\Workspace\AI\VBAPTN\uploads\
2025-12-02 18:00:23 - Out folder: D:\Workspace\AI\VBAPTN\csv
2025-12-02 18:05:25 - You select: D:\Workspace\AI\VBFinal\uploads\test.pcap
2025-12-02 18:05:25 - Out folder: D:\Workspace\AI\VBFinal\csv
2025-12-02 18:05:26 - CICFlowMeter received 1 pcap file
2025-12-02 18:10:02 - You select: D:\Workspace\AI\VBFinal\uploads\test.pcap
2025-12-02 18:10:02 - Out folder: D:\Workspace\AI\VBFinal\csv
2025-12-02 18:10:02 - CICFlowMeter received 1 pcap file
2025-12-02 18:11:43 - You select: D:\Workspace\AI\VBFinal\uploads\test.pcap
2025-12-02 18:11:43 - Out folder: D:\Workspace\AI\VBFinal\csv
2025-12-02 18:11:44 - CICFlowMeter received 1 pcap file
2025-12-02 18:13:32 - The pcap file or folder does not exist! -> D:\Workspace\AI\VBFinal\uploads\input.pcap
2025-12-02 18:14:27 - You select: D:\Workspace\AI\VBFinal\uploads\input.pcap
2025-12-02 18:14:27 - Out folder: D:\Workspace\AI\VBFinal\csv\output.pcap
2025-12-02 18:14:27 - CICFlowMeter received 1 pcap file
2025-12-02 18:19:16 - You select: D:\Workspace\AI\VBFinal\uploads\input.pcap
2025-12-02 18:19:16 - Out folder: D:\Workspace\AI\VBFinal\csv
2025-12-02 18:19:16 - CICFlowMeter received 1 pcap file
2025-12-02 18:31:39 - You select: D:\Workspace\AI\VBFinal\uploads\input.pcap
2025-12-02 18:31:39 - Out folder: D:\Workspace\AI\VBFinal\csv
2025-12-02 18:31:39 - CICFlowMeter received 1 pcap file
2025-12-02 20:48:08 - You select: D:\Workspace\AI\VBFinal\uploads\input.pcap
2025-12-02 20:48:08 - Out folder: D:\Workspace\AI\VBFinal\csv
2025-12-02 20:48:08 - CICFlowMeter received 1 pcap file
2025-12-02 20:51:13 - You select: D:\Workspace\AI\VBFinal\uploads\input.pcap
2025-12-02 20:51:13 - Out folder: D:\Workspace\AI\VBFinal\csv
2025-12-02 20:51:13 - CICFlowMeter received 1 pcap file
2025-12-02 20:51:21 - You select: D:\Workspace\AI\VBFinal\uploads\input.pcap
2025-12-02 20:51:21 - Out folder: D:\Workspace\AI\VBFinal\csv
2025-12-02 20:51:21 - CICFlowMeter received 1 pcap file
2025-12-02 20:52:14 - You select: D:\Workspace\AI\VBFinal\uploads\input.pcap
2025-12-02 20:52:14 - Out folder: D:\Workspace\AI\VBFinal\csv
2025-12-02 20:52:14 - CICFlowMeter received 1 pcap file
2025-12-02 20:52:21 - You select: D:\Workspace\AI\VBFinal\uploads\input.pcap
2025-12-02 20:52:21 - Out folder: D:\Workspace\AI\VBFinal\csv
2025-12-02 20:52:21 - CICFlowMeter received 1 pcap file
2025-12-02 20:52:28 - You select: D:\Workspace\AI\VBFinal\uploads\input.pcap
2025-12-02 20:52:28 - Out folder: D:\Workspace\AI\VBFinal\csv
2025-12-02 20:52:28 - CICFlowMeter received 1 pcap file
